[0.465s] DEBUG:colcon:Command line arguments: ['/usr/bin/colcon', 'build']
[0.465s] DEBUG:colcon:Parsed command line arguments: Namespace(log_base=None, log_level=None, verb_name='build', build_base='build', install_base='install', merge_install=False, symlink_install=False, test_result_base=None, continue_on_error=False, executor='parallel', parallel_workers=4, event_handlers=None, ignore_user_meta=False, metas=['./colcon.meta'], base_paths=['.'], packages_ignore=None, packages_ignore_regex=None, paths=None, packages_up_to=None, packages_up_to_regex=None, packages_above=None, packages_above_and_dependencies=None, packages_above_depth=None, packages_select_by_dep=None, packages_skip_by_dep=None, packages_skip_up_to=None, packages_select_build_failed=False, packages_skip_build_finished=False, packages_select_test_failures=False, packages_skip_test_passed=False, packages_select=None, packages_skip=None, packages_select_regex=None, packages_skip_regex=None, packages_start=None, packages_end=None, allow_overriding=[], cmake_args=None, cmake_target=None, cmake_target_skip_unavailable=False, cmake_clean_cache=False, cmake_clean_first=False, cmake_force_configure=False, ament_cmake_args=None, catkin_cmake_args=None, catkin_skip_building_tests=False, mixin_files=None, mixin=None, verb_parser=<colcon_mixin.mixin.mixin_argument.MixinArgumentDecorator object at 0xffffaf0e2d80>, verb_extension=<colcon_core.verb.build.BuildVerb object at 0xffffaf29f5f0>, main=<bound method BuildVerb.main of <colcon_core.verb.build.BuildVerb object at 0xffffaf29f5f0>>, mixin_verb=('build',))
[0.632s] Level 1:colcon.colcon_core.package_discovery:discover_packages(colcon_meta) check parameters
[0.632s] Level 1:colcon.colcon_core.package_discovery:discover_packages(recursive) check parameters
[0.632s] Level 1:colcon.colcon_core.package_discovery:discover_packages(ignore) check parameters
[0.632s] Level 1:colcon.colcon_core.package_discovery:discover_packages(path) check parameters
[0.632s] Level 1:colcon.colcon_core.package_discovery:discover_packages(colcon_meta) discover
[0.633s] Level 1:colcon.colcon_core.package_discovery:discover_packages(recursive) discover
[0.633s] INFO:colcon.colcon_core.package_discovery:Crawling recursively for packages in '/home/robot/create3_ws'
[0.633s] Level 1:colcon.colcon_core.package_identification:_identify(.) by extensions ['ignore', 'ignore_ament_install']
[0.633s] Level 1:colcon.colcon_core.package_identification:_identify(.) by extension 'ignore'
[0.634s] Level 1:colcon.colcon_core.package_identification:_identify(.) by extension 'ignore_ament_install'
[0.634s] Level 1:colcon.colcon_core.package_identification:_identify(.) by extensions ['colcon_pkg']
[0.634s] Level 1:colcon.colcon_core.package_identification:_identify(.) by extension 'colcon_pkg'
[0.634s] Level 1:colcon.colcon_core.package_identification:_identify(.) by extensions ['colcon_meta']
[0.634s] Level 1:colcon.colcon_core.package_identification:_identify(.) by extension 'colcon_meta'
[0.634s] Level 1:colcon.colcon_core.package_identification:_identify(.) by extensions ['ros']
[0.635s] Level 1:colcon.colcon_core.package_identification:_identify(.) by extension 'ros'
[0.739s] Level 1:colcon.colcon_core.package_identification:_identify(.) by extensions ['cmake', 'python']
[0.740s] Level 1:colcon.colcon_core.package_identification:_identify(.) by extension 'cmake'
[0.740s] Level 1:colcon.colcon_core.package_identification:_identify(.) by extension 'python'
[0.740s] Level 1:colcon.colcon_core.package_identification:_identify(.) by extensions ['python_setup_py']
[0.740s] Level 1:colcon.colcon_core.package_identification:_identify(.) by extension 'python_setup_py'
[0.741s] Level 1:colcon.colcon_core.package_identification:_identify(build) by extensions ['ignore', 'ignore_ament_install']
[0.741s] Level 1:colcon.colcon_core.package_identification:_identify(build) by extension 'ignore'
[0.741s] Level 1:colcon.colcon_core.package_identification:_identify(build) ignored
[0.742s] Level 1:colcon.colcon_core.package_identification:_identify(install) by extensions ['ignore', 'ignore_ament_install']
[0.742s] Level 1:colcon.colcon_core.package_identification:_identify(install) by extension 'ignore'
[0.742s] Level 1:colcon.colcon_core.package_identification:_identify(install) ignored
[0.743s] Level 1:colcon.colcon_core.package_identification:_identify(log) by extensions ['ignore', 'ignore_ament_install']
[0.743s] Level 1:colcon.colcon_core.package_identification:_identify(log) by extension 'ignore'
[0.743s] Level 1:colcon.colcon_core.package_identification:_identify(log) ignored
[0.743s] Level 1:colcon.colcon_core.package_identification:_identify(src) by extensions ['ignore', 'ignore_ament_install']
[0.744s] Level 1:colcon.colcon_core.package_identification:_identify(src) by extension 'ignore'
[0.744s] Level 1:colcon.colcon_core.package_identification:_identify(src) by extension 'ignore_ament_install'
[0.744s] Level 1:colcon.colcon_core.package_identification:_identify(src) by extensions ['colcon_pkg']
[0.744s] Level 1:colcon.colcon_core.package_identification:_identify(src) by extension 'colcon_pkg'
[0.744s] Level 1:colcon.colcon_core.package_identification:_identify(src) by extensions ['colcon_meta']
[0.744s] Level 1:colcon.colcon_core.package_identification:_identify(src) by extension 'colcon_meta'
[0.745s] Level 1:colcon.colcon_core.package_identification:_identify(src) by extensions ['ros']
[0.745s] Level 1:colcon.colcon_core.package_identification:_identify(src) by extension 'ros'
[0.745s] Level 1:colcon.colcon_core.package_identification:_identify(src) by extensions ['cmake', 'python']
[0.745s] Level 1:colcon.colcon_core.package_identification:_identify(src) by extension 'cmake'
[0.745s] Level 1:colcon.colcon_core.package_identification:_identify(src) by extension 'python'
[0.745s] Level 1:colcon.colcon_core.package_identification:_identify(src) by extensions ['python_setup_py']
[0.745s] Level 1:colcon.colcon_core.package_identification:_identify(src) by extension 'python_setup_py'
[0.746s] Level 1:colcon.colcon_core.package_identification:_identify(src/create3_pkg) by extensions ['ignore', 'ignore_ament_install']
[0.746s] Level 1:colcon.colcon_core.package_identification:_identify(src/create3_pkg) by extension 'ignore'
[0.746s] Level 1:colcon.colcon_core.package_identification:_identify(src/create3_pkg) by extension 'ignore_ament_install'
[0.747s] Level 1:colcon.colcon_core.package_identification:_identify(src/create3_pkg) by extensions ['colcon_pkg']
[0.747s] Level 1:colcon.colcon_core.package_identification:_identify(src/create3_pkg) by extension 'colcon_pkg'
[0.747s] Level 1:colcon.colcon_core.package_identification:_identify(src/create3_pkg) by extensions ['colcon_meta']
[0.747s] Level 1:colcon.colcon_core.package_identification:_identify(src/create3_pkg) by extension 'colcon_meta'
[0.747s] Level 1:colcon.colcon_core.package_identification:_identify(src/create3_pkg) by extensions ['ros']
[0.747s] Level 1:colcon.colcon_core.package_identification:_identify(src/create3_pkg) by extension 'ros'
[0.756s] DEBUG:colcon.colcon_core.package_identification:Package 'src/create3_pkg' with type 'ros.ament_python' and name 'create3_pkg'
[0.756s] Level 1:colcon.colcon_core.package_discovery:discover_packages(recursive) using defaults
[0.756s] Level 1:colcon.colcon_core.package_discovery:discover_packages(ignore) discover
[0.756s] Level 1:colcon.colcon_core.package_discovery:discover_packages(ignore) using defaults
[0.756s] Level 1:colcon.colcon_core.package_discovery:discover_packages(path) discover
[0.756s] Level 1:colcon.colcon_core.package_discovery:discover_packages(path) using defaults
[0.827s] Level 1:colcon.colcon_core.package_discovery:discover_packages(prefix_path) check parameters
[0.828s] Level 1:colcon.colcon_core.package_discovery:discover_packages(prefix_path) discover
[0.837s] DEBUG:colcon.colcon_installed_package_information.package_discovery:Found 6 installed packages in /home/robot/create3_examples_ws/install
[0.839s] DEBUG:colcon.colcon_installed_package_information.package_discovery:Found 1 installed packages in /home/robot/ros2_ws/install
[0.850s] DEBUG:colcon.colcon_installed_package_information.package_discovery:Found 297 installed packages in /opt/ros/jazzy
[0.858s] Level 1:colcon.colcon_core.package_discovery:discover_packages(prefix_path) using defaults
[1.055s] Level 5:colcon.colcon_core.verb:set package 'create3_pkg' build argument 'cmake_args' from command line to 'None'
[1.055s] Level 5:colcon.colcon_core.verb:set package 'create3_pkg' build argument 'cmake_target' from command line to 'None'
[1.055s] Level 5:colcon.colcon_core.verb:set package 'create3_pkg' build argument 'cmake_target_skip_unavailable' from command line to 'False'
[1.055s] Level 5:colcon.colcon_core.verb:set package 'create3_pkg' build argument 'cmake_clean_cache' from command line to 'False'
[1.055s] Level 5:colcon.colcon_core.verb:set package 'create3_pkg' build argument 'cmake_clean_first' from command line to 'False'
[1.055s] Level 5:colcon.colcon_core.verb:set package 'create3_pkg' build argument 'cmake_force_configure' from command line to 'False'
[1.055s] Level 5:colcon.colcon_core.verb:set package 'create3_pkg' build argument 'ament_cmake_args' from command line to 'None'
[1.055s] Level 5:colcon.colcon_core.verb:set package 'create3_pkg' build argument 'catkin_cmake_args' from command line to 'None'
[1.056s] Level 5:colcon.colcon_core.verb:set package 'create3_pkg' build argument 'catkin_skip_building_tests' from command line to 'False'
[1.056s] DEBUG:colcon.colcon_core.verb:Building package 'create3_pkg' with the following arguments: {'ament_cmake_args': None, 'build_base': '/home/robot/create3_ws/build/create3_pkg', 'catkin_cmake_args': None, 'catkin_skip_building_tests': False, 'cmake_args': None, 'cmake_clean_cache': False, 'cmake_clean_first': False, 'cmake_force_configure': False, 'cmake_target': None, 'cmake_target_skip_unavailable': False, 'install_base': '/home/robot/create3_ws/install/create3_pkg', 'merge_install': False, 'path': '/home/robot/create3_ws/src/create3_pkg', 'symlink_install': False, 'test_result_base': None}
[1.056s] INFO:colcon.colcon_core.executor:Executing jobs using 'parallel' executor
[1.059s] DEBUG:colcon.colcon_parallel_executor.executor.parallel:run_until_complete
[1.060s] INFO:colcon.colcon_ros.task.ament_python.build:Building ROS package in '/home/robot/create3_ws/src/create3_pkg' with build type 'ament_python'
[1.060s] Level 1:colcon.colcon_core.shell:create_environment_hook('create3_pkg', 'ament_prefix_path')
[1.068s] INFO:colcon.colcon_core.plugin_system:Skipping extension 'colcon_core.shell.bat': Not used on non-Windows systems
[1.069s] INFO:colcon.colcon_core.shell:Creating environment hook '/home/robot/create3_ws/install/create3_pkg/share/create3_pkg/hook/ament_prefix_path.ps1'
[1.072s] INFO:colcon.colcon_core.shell:Creating environment descriptor '/home/robot/create3_ws/install/create3_pkg/share/create3_pkg/hook/ament_prefix_path.dsv'
[1.095s] INFO:colcon.colcon_core.shell:Creating environment hook '/home/robot/create3_ws/install/create3_pkg/share/create3_pkg/hook/ament_prefix_path.sh'
[1.099s] INFO:colcon.colcon_core.shell:Skip shell extension 'powershell' for command environment: Not usable outside of PowerShell
[1.100s] DEBUG:colcon.colcon_core.shell:Skip shell extension 'dsv' for command environment
[2.084s] INFO:colcon.colcon_core.task.python.build:Building Python package in '/home/robot/create3_ws/src/create3_pkg'
[2.085s] INFO:colcon.colcon_core.shell:Skip shell extension 'powershell' for command environment: Not usable outside of PowerShell
[2.085s] DEBUG:colcon.colcon_core.shell:Skip shell extension 'dsv' for command environment
[5.736s] DEBUG:colcon.colcon_core.event_handler.log_command:Invoking command in '/home/robot/create3_ws/build/create3_pkg': PYTHONPATH=/home/robot/create3_ws/build/create3_pkg/prefix_override:/usr/lib/python3/dist-packages/colcon_core/task/python/colcon_distutils_commands:/home/robot/create3_ws/install/create3_pkg/lib/python3.12/site-packages:${PYTHONPATH} /usr/bin/python3 -W ignore:setup.py install is deprecated -W ignore:easy_install command is deprecated setup.py develop --uninstall --editable --build-directory /home/robot/create3_ws/build/create3_pkg/build
[8.320s] DEBUG:colcon.colcon_core.event_handler.log_command:Invoked command in '/home/robot/create3_ws/build/create3_pkg' returned '0': PYTHONPATH=/home/robot/create3_ws/build/create3_pkg/prefix_override:/usr/lib/python3/dist-packages/colcon_core/task/python/colcon_distutils_commands:/home/robot/create3_ws/install/create3_pkg/lib/python3.12/site-packages:${PYTHONPATH} /usr/bin/python3 -W ignore:setup.py install is deprecated -W ignore:easy_install command is deprecated setup.py develop --uninstall --editable --build-directory /home/robot/create3_ws/build/create3_pkg/build
[8.326s] DEBUG:colcon.colcon_core.event_handler.log_command:Invoking command in '/home/robot/create3_ws/src/create3_pkg': PYTHONPATH=/home/robot/create3_ws/build/create3_pkg/prefix_override:/usr/lib/python3/dist-packages/colcon_core/task/python/colcon_distutils_commands:/home/robot/create3_ws/install/create3_pkg/lib/python3.12/site-packages:${PYTHONPATH} /usr/bin/python3 -W ignore:setup.py install is deprecated -W ignore:easy_install command is deprecated setup.py egg_info --egg-base ../../build/create3_pkg build --build-base /home/robot/create3_ws/build/create3_pkg/build install --record /home/robot/create3_ws/build/create3_pkg/install.log --single-version-externally-managed install_data --force
[10.882s] DEBUG:colcon.colcon_core.event_handler.log_command:Invoked command in '/home/robot/create3_ws/src/create3_pkg' returned '0': PYTHONPATH=/home/robot/create3_ws/build/create3_pkg/prefix_override:/usr/lib/python3/dist-packages/colcon_core/task/python/colcon_distutils_commands:/home/robot/create3_ws/install/create3_pkg/lib/python3.12/site-packages:${PYTHONPATH} /usr/bin/python3 -W ignore:setup.py install is deprecated -W ignore:easy_install command is deprecated setup.py egg_info --egg-base ../../build/create3_pkg build --build-base /home/robot/create3_ws/build/create3_pkg/build install --record /home/robot/create3_ws/build/create3_pkg/install.log --single-version-externally-managed install_data --force
[10.910s] Level 1:colcon.colcon_core.environment:checking '/home/robot/create3_ws/install/create3_pkg' for CMake module files
[10.914s] Level 1:colcon.colcon_core.environment:checking '/home/robot/create3_ws/install/create3_pkg' for CMake config files
[11.143s] Level 1:colcon.colcon_core.environment:checking '/home/robot/create3_ws/install/create3_pkg/lib'
[11.145s] Level 1:colcon.colcon_core.environment:checking '/home/robot/create3_ws/install/create3_pkg/bin'
[11.146s] Level 1:colcon.colcon_core.environment:checking '/home/robot/create3_ws/install/create3_pkg/lib/pkgconfig/create3_pkg.pc'
[11.148s] Level 1:colcon.colcon_core.environment:checking '/home/robot/create3_ws/install/create3_pkg/lib/python3.12/site-packages'
[11.149s] Level 1:colcon.colcon_core.shell:create_environment_hook('create3_pkg', 'pythonpath')
[11.151s] INFO:colcon.colcon_core.shell:Creating environment hook '/home/robot/create3_ws/install/create3_pkg/share/create3_pkg/hook/pythonpath.ps1'
[11.463s] INFO:colcon.colcon_core.shell:Creating environment descriptor '/home/robot/create3_ws/install/create3_pkg/share/create3_pkg/hook/pythonpath.dsv'
[11.574s] INFO:colcon.colcon_core.shell:Creating environment hook '/home/robot/create3_ws/install/create3_pkg/share/create3_pkg/hook/pythonpath.sh'
[11.846s] Level 1:colcon.colcon_core.environment:checking '/home/robot/create3_ws/install/create3_pkg/bin'
[11.846s] Level 1:colcon.colcon_core.environment:create_environment_scripts_only(create3_pkg)
[11.849s] INFO:colcon.colcon_core.shell:Creating package script '/home/robot/create3_ws/install/create3_pkg/share/create3_pkg/package.ps1'
[12.124s] INFO:colcon.colcon_core.shell:Creating package descriptor '/home/robot/create3_ws/install/create3_pkg/share/create3_pkg/package.dsv'
[12.330s] INFO:colcon.colcon_core.shell:Creating package script '/home/robot/create3_ws/install/create3_pkg/share/create3_pkg/package.sh'
[12.397s] INFO:colcon.colcon_core.shell:Creating package script '/home/robot/create3_ws/install/create3_pkg/share/create3_pkg/package.bash'
[12.402s] INFO:colcon.colcon_core.shell:Creating package script '/home/robot/create3_ws/install/create3_pkg/share/create3_pkg/package.zsh'
[12.407s] Level 1:colcon.colcon_core.environment:create_file_with_runtime_dependencies(/home/robot/create3_ws/install/create3_pkg/share/colcon-core/packages/create3_pkg)
[12.436s] DEBUG:colcon.colcon_parallel_executor.executor.parallel:closing loop
[12.438s] DEBUG:colcon.colcon_parallel_executor.executor.parallel:loop closed
[12.438s] DEBUG:colcon.colcon_parallel_executor.executor.parallel:run_until_complete finished with '0'
[12.438s] DEBUG:colcon.colcon_core.event_reactor:joining thread
[12.440s] DEBUG:colcon.colcon_core.event_reactor:joined thread
[12.440s] INFO:colcon.colcon_core.shell:Creating prefix script '/home/robot/create3_ws/install/local_setup.ps1'
[12.445s] INFO:colcon.colcon_core.shell:Creating prefix util module '/home/robot/create3_ws/install/_local_setup_util_ps1.py'
[12.452s] INFO:colcon.colcon_core.shell:Creating prefix chain script '/home/robot/create3_ws/install/setup.ps1'
[12.458s] INFO:colcon.colcon_core.shell:Creating prefix script '/home/robot/create3_ws/install/local_setup.sh'
[12.462s] INFO:colcon.colcon_core.shell:Creating prefix util module '/home/robot/create3_ws/install/_local_setup_util_sh.py'
[12.482s] INFO:colcon.colcon_core.shell:Creating prefix chain script '/home/robot/create3_ws/install/setup.sh'
[12.491s] INFO:colcon.colcon_core.shell:Creating prefix script '/home/robot/create3_ws/install/local_setup.bash'
[12.495s] INFO:colcon.colcon_core.shell:Creating prefix chain script '/home/robot/create3_ws/install/setup.bash'
[12.500s] INFO:colcon.colcon_core.shell:Creating prefix script '/home/robot/create3_ws/install/local_setup.zsh'
[12.502s] INFO:colcon.colcon_core.shell:Creating prefix chain script '/home/robot/create3_ws/install/setup.zsh'
