/home/robot/create3_ws/install/create3_pkg/lib/python3.12/site-packages/create3_pkg/lightcontroller.py
/home/robot/create3_ws/install/create3_pkg/lib/python3.12/site-packages/create3_pkg/ir_subscriber.py
/home/robot/create3_ws/install/create3_pkg/lib/python3.12/site-packages/create3_pkg/twist_cmd_vel2.py
/home/robot/create3_ws/install/create3_pkg/lib/python3.12/site-packages/create3_pkg/MazeController.py
/home/robot/create3_ws/install/create3_pkg/lib/python3.12/site-packages/create3_pkg/twist_cmd_vel.py
/home/robot/create3_ws/install/create3_pkg/lib/python3.12/site-packages/create3_pkg/__init__.py
/home/robot/create3_ws/install/create3_pkg/lib/python3.12/site-packages/create3_pkg/animationController.py
/home/robot/create3_ws/install/create3_pkg/lib/python3.12/site-packages/create3_pkg/__pycache__/lightcontroller.cpython-312.pyc
/home/robot/create3_ws/install/create3_pkg/lib/python3.12/site-packages/create3_pkg/__pycache__/ir_subscriber.cpython-312.pyc
/home/robot/create3_ws/install/create3_pkg/lib/python3.12/site-packages/create3_pkg/__pycache__/twist_cmd_vel2.cpython-312.pyc
/home/robot/create3_ws/install/create3_pkg/lib/python3.12/site-packages/create3_pkg/__pycache__/MazeController.cpython-312.pyc
/home/robot/create3_ws/install/create3_pkg/lib/python3.12/site-packages/create3_pkg/__pycache__/twist_cmd_vel.cpython-312.pyc
/home/robot/create3_ws/install/create3_pkg/lib/python3.12/site-packages/create3_pkg/__pycache__/__init__.cpython-312.pyc
/home/robot/create3_ws/install/create3_pkg/lib/python3.12/site-packages/create3_pkg/__pycache__/animationController.cpython-312.pyc
/home/robot/create3_ws/install/create3_pkg/share/ament_index/resource_index/packages/create3_pkg
/home/robot/create3_ws/install/create3_pkg/share/create3_pkg/package.xml
/home/robot/create3_ws/install/create3_pkg/lib/python3.12/site-packages/create3_pkg-0.0.0-py3.12.egg-info/dependency_links.txt
/home/robot/create3_ws/install/create3_pkg/lib/python3.12/site-packages/create3_pkg-0.0.0-py3.12.egg-info/entry_points.txt
/home/robot/create3_ws/install/create3_pkg/lib/python3.12/site-packages/create3_pkg-0.0.0-py3.12.egg-info/SOURCES.txt
/home/robot/create3_ws/install/create3_pkg/lib/python3.12/site-packages/create3_pkg-0.0.0-py3.12.egg-info/zip-safe
/home/robot/create3_ws/install/create3_pkg/lib/python3.12/site-packages/create3_pkg-0.0.0-py3.12.egg-info/top_level.txt
/home/robot/create3_ws/install/create3_pkg/lib/python3.12/site-packages/create3_pkg-0.0.0-py3.12.egg-info/PKG-INFO
/home/robot/create3_ws/install/create3_pkg/lib/python3.12/site-packages/create3_pkg-0.0.0-py3.12.egg-info/requires.txt
/home/robot/create3_ws/install/create3_pkg/lib/create3_pkg/twist_cmd_vel2
