[1.061s] DEBUG:colcon:Command line arguments: ['/usr/bin/colcon', 'build', '--symlink-install']
[1.062s] DEBUG:colcon:Parsed command line arguments: Namespace(log_base=None, log_level=None, verb_name='build', build_base='build', install_base='install', merge_install=False, symlink_install=True, test_result_base=None, continue_on_error=False, executor='parallel', parallel_workers=4, event_handlers=None, ignore_user_meta=False, metas=['./colcon.meta'], base_paths=['.'], packages_ignore=None, packages_ignore_regex=None, paths=None, packages_up_to=None, packages_up_to_regex=None, packages_above=None, packages_above_and_dependencies=None, packages_above_depth=None, packages_select_by_dep=None, packages_skip_by_dep=None, packages_skip_up_to=None, packages_select_build_failed=False, packages_skip_build_finished=False, packages_select_test_failures=False, packages_skip_test_passed=False, packages_select=None, packages_skip=None, packages_select_regex=None, packages_skip_regex=None, packages_start=None, packages_end=None, allow_overriding=[], cmake_args=None, cmake_target=None, cmake_target_skip_unavailable=False, cmake_clean_cache=False, cmake_clean_first=False, cmake_force_configure=False, ament_cmake_args=None, catkin_cmake_args=None, catkin_skip_building_tests=False, mixin_files=None, mixin=None, verb_parser=<colcon_mixin.mixin.mixin_argument.MixinArgumentDecorator object at 0xffff8dba6b10>, verb_extension=<colcon_core.verb.build.BuildVerb object at 0xffff8dd674d0>, main=<bound method BuildVerb.main of <colcon_core.verb.build.BuildVerb object at 0xffff8dd674d0>>, mixin_verb=('build',))
[1.489s] Level 1:colcon.colcon_core.package_discovery:discover_packages(colcon_meta) check parameters
[1.490s] Level 1:colcon.colcon_core.package_discovery:discover_packages(recursive) check parameters
[1.490s] Level 1:colcon.colcon_core.package_discovery:discover_packages(ignore) check parameters
[1.491s] Level 1:colcon.colcon_core.package_discovery:discover_packages(path) check parameters
[1.491s] Level 1:colcon.colcon_core.package_discovery:discover_packages(colcon_meta) discover
[1.492s] Level 1:colcon.colcon_core.package_discovery:discover_packages(recursive) discover
[1.492s] INFO:colcon.colcon_core.package_discovery:Crawling recursively for packages in '/home/robot/create3_ws'
[1.493s] Level 1:colcon.colcon_core.package_identification:_identify(.) by extensions ['ignore', 'ignore_ament_install']
[1.493s] Level 1:colcon.colcon_core.package_identification:_identify(.) by extension 'ignore'
[1.494s] Level 1:colcon.colcon_core.package_identification:_identify(.) by extension 'ignore_ament_install'
[1.494s] Level 1:colcon.colcon_core.package_identification:_identify(.) by extensions ['colcon_pkg']
[1.494s] Level 1:colcon.colcon_core.package_identification:_identify(.) by extension 'colcon_pkg'
[1.495s] Level 1:colcon.colcon_core.package_identification:_identify(.) by extensions ['colcon_meta']
[1.495s] Level 1:colcon.colcon_core.package_identification:_identify(.) by extension 'colcon_meta'
[1.495s] Level 1:colcon.colcon_core.package_identification:_identify(.) by extensions ['ros']
[1.495s] Level 1:colcon.colcon_core.package_identification:_identify(.) by extension 'ros'
[1.778s] Level 1:colcon.colcon_core.package_identification:_identify(.) by extensions ['cmake', 'python']
[1.778s] Level 1:colcon.colcon_core.package_identification:_identify(.) by extension 'cmake'
[1.779s] Level 1:colcon.colcon_core.package_identification:_identify(.) by extension 'python'
[1.779s] Level 1:colcon.colcon_core.package_identification:_identify(.) by extensions ['python_setup_py']
[1.779s] Level 1:colcon.colcon_core.package_identification:_identify(.) by extension 'python_setup_py'
[1.790s] Level 1:colcon.colcon_core.package_identification:_identify(build) by extensions ['ignore', 'ignore_ament_install']
[1.791s] Level 1:colcon.colcon_core.package_identification:_identify(build) by extension 'ignore'
[1.795s] Level 1:colcon.colcon_core.package_identification:_identify(build) ignored
[1.798s] Level 1:colcon.colcon_core.package_identification:_identify(install) by extensions ['ignore', 'ignore_ament_install']
[1.799s] Level 1:colcon.colcon_core.package_identification:_identify(install) by extension 'ignore'
[1.800s] Level 1:colcon.colcon_core.package_identification:_identify(install) ignored
[1.800s] Level 1:colcon.colcon_core.package_identification:_identify(log) by extensions ['ignore', 'ignore_ament_install']
[1.809s] Level 1:colcon.colcon_core.package_identification:_identify(log) by extension 'ignore'
[1.810s] Level 1:colcon.colcon_core.package_identification:_identify(log) ignored
[1.810s] Level 1:colcon.colcon_core.package_identification:_identify(src) by extensions ['ignore', 'ignore_ament_install']
[1.811s] Level 1:colcon.colcon_core.package_identification:_identify(src) by extension 'ignore'
[1.811s] Level 1:colcon.colcon_core.package_identification:_identify(src) by extension 'ignore_ament_install'
[1.812s] Level 1:colcon.colcon_core.package_identification:_identify(src) by extensions ['colcon_pkg']
[1.820s] Level 1:colcon.colcon_core.package_identification:_identify(src) by extension 'colcon_pkg'
[1.820s] Level 1:colcon.colcon_core.package_identification:_identify(src) by extensions ['colcon_meta']
[1.821s] Level 1:colcon.colcon_core.package_identification:_identify(src) by extension 'colcon_meta'
[1.821s] Level 1:colcon.colcon_core.package_identification:_identify(src) by extensions ['ros']
[1.821s] Level 1:colcon.colcon_core.package_identification:_identify(src) by extension 'ros'
[1.830s] Level 1:colcon.colcon_core.package_identification:_identify(src) by extensions ['cmake', 'python']
[1.831s] Level 1:colcon.colcon_core.package_identification:_identify(src) by extension 'cmake'
[1.832s] Level 1:colcon.colcon_core.package_identification:_identify(src) by extension 'python'
[1.840s] Level 1:colcon.colcon_core.package_identification:_identify(src) by extensions ['python_setup_py']
[1.841s] Level 1:colcon.colcon_core.package_identification:_identify(src) by extension 'python_setup_py'
[1.841s] Level 1:colcon.colcon_core.package_identification:_identify(src/create3_pkg) by extensions ['ignore', 'ignore_ament_install']
[1.842s] Level 1:colcon.colcon_core.package_identification:_identify(src/create3_pkg) by extension 'ignore'
[1.843s] Level 1:colcon.colcon_core.package_identification:_identify(src/create3_pkg) by extension 'ignore_ament_install'
[1.850s] Level 1:colcon.colcon_core.package_identification:_identify(src/create3_pkg) by extensions ['colcon_pkg']
[1.851s] Level 1:colcon.colcon_core.package_identification:_identify(src/create3_pkg) by extension 'colcon_pkg'
[1.851s] Level 1:colcon.colcon_core.package_identification:_identify(src/create3_pkg) by extensions ['colcon_meta']
[1.852s] Level 1:colcon.colcon_core.package_identification:_identify(src/create3_pkg) by extension 'colcon_meta'
[1.852s] Level 1:colcon.colcon_core.package_identification:_identify(src/create3_pkg) by extensions ['ros']
[1.852s] Level 1:colcon.colcon_core.package_identification:_identify(src/create3_pkg) by extension 'ros'
[1.908s] DEBUG:colcon.colcon_core.package_identification:Package 'src/create3_pkg' with type 'ros.ament_python' and name 'create3_pkg'
[1.909s] Level 1:colcon.colcon_core.package_discovery:discover_packages(recursive) using defaults
[1.909s] Level 1:colcon.colcon_core.package_discovery:discover_packages(ignore) discover
[1.909s] Level 1:colcon.colcon_core.package_discovery:discover_packages(ignore) using defaults
[1.909s] Level 1:colcon.colcon_core.package_discovery:discover_packages(path) discover
[1.910s] Level 1:colcon.colcon_core.package_discovery:discover_packages(path) using defaults
[2.118s] Level 1:colcon.colcon_core.package_discovery:discover_packages(prefix_path) check parameters
[2.123s] Level 1:colcon.colcon_core.package_discovery:discover_packages(prefix_path) discover
[2.178s] DEBUG:colcon.colcon_installed_package_information.package_discovery:Found 6 installed packages in /home/robot/create3_examples_ws/install
[2.183s] DEBUG:colcon.colcon_installed_package_information.package_discovery:Found 1 installed packages in /home/robot/ros2_ws/install
[2.197s] DEBUG:colcon.colcon_installed_package_information.package_discovery:Found 297 installed packages in /opt/ros/jazzy
[2.212s] Level 1:colcon.colcon_core.package_discovery:discover_packages(prefix_path) using defaults
[2.586s] Level 5:colcon.colcon_core.verb:set package 'create3_pkg' build argument 'cmake_args' from command line to 'None'
[2.586s] Level 5:colcon.colcon_core.verb:set package 'create3_pkg' build argument 'cmake_target' from command line to 'None'
[2.587s] Level 5:colcon.colcon_core.verb:set package 'create3_pkg' build argument 'cmake_target_skip_unavailable' from command line to 'False'
[2.587s] Level 5:colcon.colcon_core.verb:set package 'create3_pkg' build argument 'cmake_clean_cache' from command line to 'False'
[2.587s] Level 5:colcon.colcon_core.verb:set package 'create3_pkg' build argument 'cmake_clean_first' from command line to 'False'
[2.587s] Level 5:colcon.colcon_core.verb:set package 'create3_pkg' build argument 'cmake_force_configure' from command line to 'False'
[2.587s] Level 5:colcon.colcon_core.verb:set package 'create3_pkg' build argument 'ament_cmake_args' from command line to 'None'
[2.587s] Level 5:colcon.colcon_core.verb:set package 'create3_pkg' build argument 'catkin_cmake_args' from command line to 'None'
[2.588s] Level 5:colcon.colcon_core.verb:set package 'create3_pkg' build argument 'catkin_skip_building_tests' from command line to 'False'
[2.588s] DEBUG:colcon.colcon_core.verb:Building package 'create3_pkg' with the following arguments: {'ament_cmake_args': None, 'build_base': '/home/robot/create3_ws/build/create3_pkg', 'catkin_cmake_args': None, 'catkin_skip_building_tests': False, 'cmake_args': None, 'cmake_clean_cache': False, 'cmake_clean_first': False, 'cmake_force_configure': False, 'cmake_target': None, 'cmake_target_skip_unavailable': False, 'install_base': '/home/robot/create3_ws/install/create3_pkg', 'merge_install': False, 'path': '/home/robot/create3_ws/src/create3_pkg', 'symlink_install': True, 'test_result_base': None}
[2.588s] INFO:colcon.colcon_core.executor:Executing jobs using 'parallel' executor
[2.592s] DEBUG:colcon.colcon_parallel_executor.executor.parallel:run_until_complete
[2.593s] INFO:colcon.colcon_ros.task.ament_python.build:Building ROS package in '/home/robot/create3_ws/src/create3_pkg' with build type 'ament_python'
[2.594s] Level 1:colcon.colcon_core.shell:create_environment_hook('create3_pkg', 'ament_prefix_path')
[2.610s] INFO:colcon.colcon_core.plugin_system:Skipping extension 'colcon_core.shell.bat': Not used on non-Windows systems
[2.611s] INFO:colcon.colcon_core.shell:Creating environment hook '/home/robot/create3_ws/install/create3_pkg/share/create3_pkg/hook/ament_prefix_path.ps1'
[2.616s] INFO:colcon.colcon_core.shell:Creating environment descriptor '/home/robot/create3_ws/install/create3_pkg/share/create3_pkg/hook/ament_prefix_path.dsv'
[2.622s] INFO:colcon.colcon_core.shell:Creating environment hook '/home/robot/create3_ws/install/create3_pkg/share/create3_pkg/hook/ament_prefix_path.sh'
[2.628s] INFO:colcon.colcon_core.shell:Skip shell extension 'powershell' for command environment: Not usable outside of PowerShell
[2.629s] DEBUG:colcon.colcon_core.shell:Skip shell extension 'dsv' for command environment
[3.747s] INFO:colcon.colcon_core.task.python.build:Building Python package in '/home/robot/create3_ws/src/create3_pkg'
[3.748s] INFO:colcon.colcon_core.shell:Skip shell extension 'powershell' for command environment: Not usable outside of PowerShell
[3.748s] DEBUG:colcon.colcon_core.shell:Skip shell extension 'dsv' for command environment
[7.631s] DEBUG:colcon.colcon_core.event_handler.log_command:Invoking command in '/home/robot/create3_ws/build/create3_pkg': PYTHONPATH=/home/robot/create3_ws/build/create3_pkg/prefix_override:/usr/lib/python3/dist-packages/colcon_core/task/python/colcon_distutils_commands:/home/robot/create3_ws/install/create3_pkg/lib/python3.12/site-packages:${PYTHONPATH} /usr/bin/python3 -W ignore:setup.py install is deprecated -W ignore:easy_install command is deprecated setup.py develop --editable --build-directory /home/robot/create3_ws/build/create3_pkg/build --no-deps symlink_data
[10.869s] Level 1:colcon.colcon_core.shell:create_environment_hook('create3_pkg', 'pythonpath_develop')
[10.870s] INFO:colcon.colcon_core.shell:Creating environment hook '/home/robot/create3_ws/build/create3_pkg/share/create3_pkg/hook/pythonpath_develop.ps1'
[10.872s] DEBUG:colcon.colcon_core.event_handler.log_command:Invoked command in '/home/robot/create3_ws/build/create3_pkg' returned '0': PYTHONPATH=/home/robot/create3_ws/build/create3_pkg/prefix_override:/usr/lib/python3/dist-packages/colcon_core/task/python/colcon_distutils_commands:/home/robot/create3_ws/install/create3_pkg/lib/python3.12/site-packages:${PYTHONPATH} /usr/bin/python3 -W ignore:setup.py install is deprecated -W ignore:easy_install command is deprecated setup.py develop --editable --build-directory /home/robot/create3_ws/build/create3_pkg/build --no-deps symlink_data
[10.874s] INFO:colcon.colcon_core.shell:Creating environment descriptor '/home/robot/create3_ws/build/create3_pkg/share/create3_pkg/hook/pythonpath_develop.dsv'
[10.877s] INFO:colcon.colcon_core.shell:Creating environment hook '/home/robot/create3_ws/build/create3_pkg/share/create3_pkg/hook/pythonpath_develop.sh'
[10.905s] Level 1:colcon.colcon_core.environment:checking '/home/robot/create3_ws/install/create3_pkg' for CMake module files
[10.909s] Level 1:colcon.colcon_core.environment:checking '/home/robot/create3_ws/install/create3_pkg' for CMake config files
[10.912s] Level 1:colcon.colcon_core.environment:checking '/home/robot/create3_ws/install/create3_pkg/lib'
[10.913s] Level 1:colcon.colcon_core.environment:checking '/home/robot/create3_ws/install/create3_pkg/bin'
[10.914s] Level 1:colcon.colcon_core.environment:checking '/home/robot/create3_ws/install/create3_pkg/lib/pkgconfig/create3_pkg.pc'
[10.915s] Level 1:colcon.colcon_core.environment:checking '/home/robot/create3_ws/install/create3_pkg/lib/python3.12/site-packages'
[10.916s] Level 1:colcon.colcon_core.shell:create_environment_hook('create3_pkg', 'pythonpath')
[10.916s] INFO:colcon.colcon_core.shell:Creating environment hook '/home/robot/create3_ws/install/create3_pkg/share/create3_pkg/hook/pythonpath.ps1'
[10.919s] INFO:colcon.colcon_core.shell:Creating environment descriptor '/home/robot/create3_ws/install/create3_pkg/share/create3_pkg/hook/pythonpath.dsv'
[10.922s] INFO:colcon.colcon_core.shell:Creating environment hook '/home/robot/create3_ws/install/create3_pkg/share/create3_pkg/hook/pythonpath.sh'
[10.927s] Level 1:colcon.colcon_core.environment:checking '/home/robot/create3_ws/install/create3_pkg/bin'
[10.928s] Level 1:colcon.colcon_core.environment:create_environment_scripts_only(create3_pkg)
[10.929s] INFO:colcon.colcon_core.shell:Creating package script '/home/robot/create3_ws/install/create3_pkg/share/create3_pkg/package.ps1'
[10.936s] INFO:colcon.colcon_core.shell:Creating package descriptor '/home/robot/create3_ws/install/create3_pkg/share/create3_pkg/package.dsv'
[10.941s] INFO:colcon.colcon_core.shell:Creating package script '/home/robot/create3_ws/install/create3_pkg/share/create3_pkg/package.sh'
[10.948s] INFO:colcon.colcon_core.shell:Creating package script '/home/robot/create3_ws/install/create3_pkg/share/create3_pkg/package.bash'
[10.953s] INFO:colcon.colcon_core.shell:Creating package script '/home/robot/create3_ws/install/create3_pkg/share/create3_pkg/package.zsh'
[10.960s] Level 1:colcon.colcon_core.environment:create_file_with_runtime_dependencies(/home/robot/create3_ws/install/create3_pkg/share/colcon-core/packages/create3_pkg)
[10.963s] DEBUG:colcon.colcon_parallel_executor.executor.parallel:closing loop
[10.965s] DEBUG:colcon.colcon_parallel_executor.executor.parallel:loop closed
[10.966s] DEBUG:colcon.colcon_parallel_executor.executor.parallel:run_until_complete finished with '0'
[10.966s] DEBUG:colcon.colcon_core.event_reactor:joining thread
[10.968s] DEBUG:colcon.colcon_core.event_reactor:joined thread
[10.968s] INFO:colcon.colcon_core.shell:Creating prefix script '/home/robot/create3_ws/install/local_setup.ps1'
[10.974s] INFO:colcon.colcon_core.shell:Creating prefix util module '/home/robot/create3_ws/install/_local_setup_util_ps1.py'
[10.981s] INFO:colcon.colcon_core.shell:Creating prefix chain script '/home/robot/create3_ws/install/setup.ps1'
[10.991s] INFO:colcon.colcon_core.shell:Creating prefix script '/home/robot/create3_ws/install/local_setup.sh'
[10.998s] INFO:colcon.colcon_core.shell:Creating prefix util module '/home/robot/create3_ws/install/_local_setup_util_sh.py'
[11.001s] INFO:colcon.colcon_core.shell:Creating prefix chain script '/home/robot/create3_ws/install/setup.sh'
[11.013s] INFO:colcon.colcon_core.shell:Creating prefix script '/home/robot/create3_ws/install/local_setup.bash'
[11.019s] INFO:colcon.colcon_core.shell:Creating prefix chain script '/home/robot/create3_ws/install/setup.bash'
[11.028s] INFO:colcon.colcon_core.shell:Creating prefix script '/home/robot/create3_ws/install/local_setup.zsh'
[11.033s] INFO:colcon.colcon_core.shell:Creating prefix chain script '/home/robot/create3_ws/install/setup.zsh'
