[3.706s] Invoking command in '/home/robot/create3_ws/src/create3_pkg': PYTHONPATH=/home/robot/create3_ws/build/create3_pkg/prefix_override:/usr/lib/python3/dist-packages/colcon_core/task/python/colcon_distutils_commands:/home/robot/create3_ws/install/create3_pkg/lib/python3.12/site-packages:${PYTHONPATH} /usr/bin/python3 -W ignore:setup.py install is deprecated -W ignore:easy_install command is deprecated setup.py egg_info --egg-base ../../build/create3_pkg build --build-base /home/robot/create3_ws/build/create3_pkg/build install --record /home/robot/create3_ws/build/create3_pkg/install.log --single-version-externally-managed install_data
[4.901s] running egg_info
[4.988s] writing ../../build/create3_pkg/create3_pkg.egg-info/PKG-INFO
[4.989s] writing dependency_links to ../../build/create3_pkg/create3_pkg.egg-info/dependency_links.txt
[4.991s] writing entry points to ../../build/create3_pkg/create3_pkg.egg-info/entry_points.txt
[4.991s] writing requirements to ../../build/create3_pkg/create3_pkg.egg-info/requires.txt
[4.992s] writing top-level names to ../../build/create3_pkg/create3_pkg.egg-info/top_level.txt
[5.178s] reading manifest file '../../build/create3_pkg/create3_pkg.egg-info/SOURCES.txt'
[5.182s] writing manifest file '../../build/create3_pkg/create3_pkg.egg-info/SOURCES.txt'
[5.182s] running build
[5.183s] running build_py
[5.184s] copying create3_pkg/twist_cmd_vel.py -> /home/robot/create3_ws/build/create3_pkg/build/lib/create3_pkg
[5.186s] running install
[5.210s] running install_lib
[5.299s] copying /home/robot/create3_ws/build/create3_pkg/build/lib/create3_pkg/twist_cmd_vel.py -> /home/robot/create3_ws/install/create3_pkg/lib/python3.12/site-packages/create3_pkg
[5.302s] byte-compiling /home/robot/create3_ws/install/create3_pkg/lib/python3.12/site-packages/create3_pkg/twist_cmd_vel.py to twist_cmd_vel.cpython-312.pyc
[5.305s] running install_data
[5.306s] running install_egg_info
[5.399s] removing '/home/robot/create3_ws/install/create3_pkg/lib/python3.12/site-packages/create3_pkg-0.0.0-py3.12.egg-info' (and everything under it)
[5.400s] Copying ../../build/create3_pkg/create3_pkg.egg-info to /home/robot/create3_ws/install/create3_pkg/lib/python3.12/site-packages/create3_pkg-0.0.0-py3.12.egg-info
[5.405s] running install_scripts
[6.065s] Installing twist_cmd_vel script to /home/robot/create3_ws/install/create3_pkg/lib/create3_pkg
[6.067s] writing list of installed files to '/home/robot/create3_ws/build/create3_pkg/install.log'
[6.211s] Invoked command in '/home/robot/create3_ws/src/create3_pkg' returned '0': PYTHONPATH=/home/robot/create3_ws/build/create3_pkg/prefix_override:/usr/lib/python3/dist-packages/colcon_core/task/python/colcon_distutils_commands:/home/robot/create3_ws/install/create3_pkg/lib/python3.12/site-packages:${PYTHONPATH} /usr/bin/python3 -W ignore:setup.py install is deprecated -W ignore:easy_install command is deprecated setup.py egg_info --egg-base ../../build/create3_pkg build --build-base /home/robot/create3_ws/build/create3_pkg/build install --record /home/robot/create3_ws/build/create3_pkg/install.log --single-version-externally-managed install_data
