running egg_info
writing ../../build/create3_pkg/create3_pkg.egg-info/PKG-INFO
writing dependency_links to ../../build/create3_pkg/create3_pkg.egg-info/dependency_links.txt
writing entry points to ../../build/create3_pkg/create3_pkg.egg-info/entry_points.txt
writing requirements to ../../build/create3_pkg/create3_pkg.egg-info/requires.txt
writing top-level names to ../../build/create3_pkg/create3_pkg.egg-info/top_level.txt
reading manifest file '../../build/create3_pkg/create3_pkg.egg-info/SOURCES.txt'
writing manifest file '../../build/create3_pkg/create3_pkg.egg-info/SOURCES.txt'
running build
running build_py
copying create3_pkg/twist_cmd_vel.py -> /home/robot/create3_ws/build/create3_pkg/build/lib/create3_pkg
running install
running install_lib
copying /home/robot/create3_ws/build/create3_pkg/build/lib/create3_pkg/twist_cmd_vel.py -> /home/robot/create3_ws/install/create3_pkg/lib/python3.12/site-packages/create3_pkg
byte-compiling /home/robot/create3_ws/install/create3_pkg/lib/python3.12/site-packages/create3_pkg/twist_cmd_vel.py to twist_cmd_vel.cpython-312.pyc
Sorry: IndentationError: unexpected indent (twist_cmd_vel.py, line 26)
running install_data
running install_egg_info
removing '/home/robot/create3_ws/install/create3_pkg/lib/python3.12/site-packages/create3_pkg-0.0.0-py3.12.egg-info' (and everything under it)
Copying ../../build/create3_pkg/create3_pkg.egg-info to /home/robot/create3_ws/install/create3_pkg/lib/python3.12/site-packages/create3_pkg-0.0.0-py3.12.egg-info
running install_scripts
Installing twist_cmd_vel script to /home/robot/create3_ws/install/create3_pkg/lib/create3_pkg
writing list of installed files to '/home/robot/create3_ws/build/create3_pkg/install.log'
