[0.695s] DEBUG:colcon:Command line arguments: ['/usr/bin/colcon', 'build', '--symlink-install']
[0.696s] DEBUG:colcon:Parsed command line arguments: Namespace(log_base=None, log_level=None, verb_name='build', build_base='build', install_base='install', merge_install=False, symlink_install=True, test_result_base=None, continue_on_error=False, executor='parallel', parallel_workers=4, event_handlers=None, ignore_user_meta=False, metas=['./colcon.meta'], base_paths=['.'], packages_ignore=None, packages_ignore_regex=None, paths=None, packages_up_to=None, packages_up_to_regex=None, packages_above=None, packages_above_and_dependencies=None, packages_above_depth=None, packages_select_by_dep=None, packages_skip_by_dep=None, packages_skip_up_to=None, packages_select_build_failed=False, packages_skip_build_finished=False, packages_select_test_failures=False, packages_skip_test_passed=False, packages_select=None, packages_skip=None, packages_select_regex=None, packages_skip_regex=None, packages_start=None, packages_end=None, allow_overriding=[], cmake_args=None, cmake_target=None, cmake_target_skip_unavailable=False, cmake_clean_cache=False, cmake_clean_first=False, cmake_force_configure=False, ament_cmake_args=None, catkin_cmake_args=None, catkin_skip_building_tests=False, mixin_files=None, mixin=None, verb_parser=<colcon_mixin.mixin.mixin_argument.MixinArgumentDecorator object at 0xffff9a85f320>, verb_extension=<colcon_core.verb.build.BuildVerb object at 0xffff9aa1f770>, main=<bound method BuildVerb.main of <colcon_core.verb.build.BuildVerb object at 0xffff9aa1f770>>, mixin_verb=('build',))
[0.933s] Level 1:colcon.colcon_core.package_discovery:discover_packages(colcon_meta) check parameters
[0.934s] Level 1:colcon.colcon_core.package_discovery:discover_packages(recursive) check parameters
[0.934s] Level 1:colcon.colcon_core.package_discovery:discover_packages(ignore) check parameters
[0.934s] Level 1:colcon.colcon_core.package_discovery:discover_packages(path) check parameters
[0.935s] Level 1:colcon.colcon_core.package_discovery:discover_packages(colcon_meta) discover
[0.935s] Level 1:colcon.colcon_core.package_discovery:discover_packages(recursive) discover
[0.935s] INFO:colcon.colcon_core.package_discovery:Crawling recursively for packages in '/home/robot/create3_ws'
[0.936s] Level 1:colcon.colcon_core.package_identification:_identify(.) by extensions ['ignore', 'ignore_ament_install']
[0.937s] Level 1:colcon.colcon_core.package_identification:_identify(.) by extension 'ignore'
[0.937s] Level 1:colcon.colcon_core.package_identification:_identify(.) by extension 'ignore_ament_install'
[0.938s] Level 1:colcon.colcon_core.package_identification:_identify(.) by extensions ['colcon_pkg']
[0.938s] Level 1:colcon.colcon_core.package_identification:_identify(.) by extension 'colcon_pkg'
[0.939s] Level 1:colcon.colcon_core.package_identification:_identify(.) by extensions ['colcon_meta']
[0.939s] Level 1:colcon.colcon_core.package_identification:_identify(.) by extension 'colcon_meta'
[0.940s] Level 1:colcon.colcon_core.package_identification:_identify(.) by extensions ['ros']
[0.941s] Level 1:colcon.colcon_core.package_identification:_identify(.) by extension 'ros'
[1.130s] Level 1:colcon.colcon_core.package_identification:_identify(.) by extensions ['cmake', 'python']
[1.130s] Level 1:colcon.colcon_core.package_identification:_identify(.) by extension 'cmake'
[1.131s] Level 1:colcon.colcon_core.package_identification:_identify(.) by extension 'python'
[1.132s] Level 1:colcon.colcon_core.package_identification:_identify(.) by extensions ['python_setup_py']
[1.134s] Level 1:colcon.colcon_core.package_identification:_identify(.) by extension 'python_setup_py'
[1.135s] Level 1:colcon.colcon_core.package_identification:_identify(build) by extensions ['ignore', 'ignore_ament_install']
[1.136s] Level 1:colcon.colcon_core.package_identification:_identify(build) by extension 'ignore'
[1.136s] Level 1:colcon.colcon_core.package_identification:_identify(build) ignored
[1.138s] Level 1:colcon.colcon_core.package_identification:_identify(install) by extensions ['ignore', 'ignore_ament_install']
[1.139s] Level 1:colcon.colcon_core.package_identification:_identify(install) by extension 'ignore'
[1.140s] Level 1:colcon.colcon_core.package_identification:_identify(install) ignored
[1.141s] Level 1:colcon.colcon_core.package_identification:_identify(log) by extensions ['ignore', 'ignore_ament_install']
[1.142s] Level 1:colcon.colcon_core.package_identification:_identify(log) by extension 'ignore'
[1.142s] Level 1:colcon.colcon_core.package_identification:_identify(log) ignored
[1.143s] Level 1:colcon.colcon_core.package_identification:_identify(src) by extensions ['ignore', 'ignore_ament_install']
[1.144s] Level 1:colcon.colcon_core.package_identification:_identify(src) by extension 'ignore'
[1.145s] Level 1:colcon.colcon_core.package_identification:_identify(src) by extension 'ignore_ament_install'
[1.146s] Level 1:colcon.colcon_core.package_identification:_identify(src) by extensions ['colcon_pkg']
[1.146s] Level 1:colcon.colcon_core.package_identification:_identify(src) by extension 'colcon_pkg'
[1.147s] Level 1:colcon.colcon_core.package_identification:_identify(src) by extensions ['colcon_meta']
[1.148s] Level 1:colcon.colcon_core.package_identification:_identify(src) by extension 'colcon_meta'
[1.148s] Level 1:colcon.colcon_core.package_identification:_identify(src) by extensions ['ros']
[1.148s] Level 1:colcon.colcon_core.package_identification:_identify(src) by extension 'ros'
[1.149s] Level 1:colcon.colcon_core.package_identification:_identify(src) by extensions ['cmake', 'python']
[1.149s] Level 1:colcon.colcon_core.package_identification:_identify(src) by extension 'cmake'
[1.149s] Level 1:colcon.colcon_core.package_identification:_identify(src) by extension 'python'
[1.150s] Level 1:colcon.colcon_core.package_identification:_identify(src) by extensions ['python_setup_py']
[1.150s] Level 1:colcon.colcon_core.package_identification:_identify(src) by extension 'python_setup_py'
[1.151s] Level 1:colcon.colcon_core.package_identification:_identify(src/create3_pkg) by extensions ['ignore', 'ignore_ament_install']
[1.152s] Level 1:colcon.colcon_core.package_identification:_identify(src/create3_pkg) by extension 'ignore'
[1.152s] Level 1:colcon.colcon_core.package_identification:_identify(src/create3_pkg) by extension 'ignore_ament_install'
[1.153s] Level 1:colcon.colcon_core.package_identification:_identify(src/create3_pkg) by extensions ['colcon_pkg']
[1.153s] Level 1:colcon.colcon_core.package_identification:_identify(src/create3_pkg) by extension 'colcon_pkg'
[1.154s] Level 1:colcon.colcon_core.package_identification:_identify(src/create3_pkg) by extensions ['colcon_meta']
[1.155s] Level 1:colcon.colcon_core.package_identification:_identify(src/create3_pkg) by extension 'colcon_meta'
[1.155s] Level 1:colcon.colcon_core.package_identification:_identify(src/create3_pkg) by extensions ['ros']
[1.156s] Level 1:colcon.colcon_core.package_identification:_identify(src/create3_pkg) by extension 'ros'
[1.168s] DEBUG:colcon.colcon_core.package_identification:Package 'src/create3_pkg' with type 'ros.ament_python' and name 'create3_pkg'
[1.168s] Level 1:colcon.colcon_core.package_discovery:discover_packages(recursive) using defaults
[1.169s] Level 1:colcon.colcon_core.package_discovery:discover_packages(ignore) discover
[1.169s] Level 1:colcon.colcon_core.package_discovery:discover_packages(ignore) using defaults
[1.170s] Level 1:colcon.colcon_core.package_discovery:discover_packages(path) discover
[1.170s] Level 1:colcon.colcon_core.package_discovery:discover_packages(path) using defaults
[1.268s] Level 1:colcon.colcon_core.package_discovery:discover_packages(prefix_path) check parameters
[1.268s] Level 1:colcon.colcon_core.package_discovery:discover_packages(prefix_path) discover
[1.280s] DEBUG:colcon.colcon_installed_package_information.package_discovery:Found 1 installed packages in /home/robot/create3_ws/install
[1.284s] DEBUG:colcon.colcon_installed_package_information.package_discovery:Found 6 installed packages in /home/robot/create3_examples_ws/install
[1.287s] DEBUG:colcon.colcon_installed_package_information.package_discovery:Found 1 installed packages in /home/robot/ros2_ws/install
[1.301s] DEBUG:colcon.colcon_installed_package_information.package_discovery:Found 297 installed packages in /opt/ros/jazzy
[1.310s] Level 1:colcon.colcon_core.package_discovery:discover_packages(prefix_path) using defaults
[1.603s] Level 5:colcon.colcon_core.verb:set package 'create3_pkg' build argument 'cmake_args' from command line to 'None'
[1.604s] Level 5:colcon.colcon_core.verb:set package 'create3_pkg' build argument 'cmake_target' from command line to 'None'
[1.604s] Level 5:colcon.colcon_core.verb:set package 'create3_pkg' build argument 'cmake_target_skip_unavailable' from command line to 'False'
[1.605s] Level 5:colcon.colcon_core.verb:set package 'create3_pkg' build argument 'cmake_clean_cache' from command line to 'False'
[1.605s] Level 5:colcon.colcon_core.verb:set package 'create3_pkg' build argument 'cmake_clean_first' from command line to 'False'
[1.605s] Level 5:colcon.colcon_core.verb:set package 'create3_pkg' build argument 'cmake_force_configure' from command line to 'False'
[1.606s] Level 5:colcon.colcon_core.verb:set package 'create3_pkg' build argument 'ament_cmake_args' from command line to 'None'
[1.606s] Level 5:colcon.colcon_core.verb:set package 'create3_pkg' build argument 'catkin_cmake_args' from command line to 'None'
[1.607s] Level 5:colcon.colcon_core.verb:set package 'create3_pkg' build argument 'catkin_skip_building_tests' from command line to 'False'
[1.607s] DEBUG:colcon.colcon_core.verb:Building package 'create3_pkg' with the following arguments: {'ament_cmake_args': None, 'build_base': '/home/robot/create3_ws/build/create3_pkg', 'catkin_cmake_args': None, 'catkin_skip_building_tests': False, 'cmake_args': None, 'cmake_clean_cache': False, 'cmake_clean_first': False, 'cmake_force_configure': False, 'cmake_target': None, 'cmake_target_skip_unavailable': False, 'install_base': '/home/robot/create3_ws/install/create3_pkg', 'merge_install': False, 'path': '/home/robot/create3_ws/src/create3_pkg', 'symlink_install': True, 'test_result_base': None}
[1.609s] INFO:colcon.colcon_core.executor:Executing jobs using 'parallel' executor
[1.617s] DEBUG:colcon.colcon_parallel_executor.executor.parallel:run_until_complete
[1.620s] INFO:colcon.colcon_ros.task.ament_python.build:Building ROS package in '/home/robot/create3_ws/src/create3_pkg' with build type 'ament_python'
[1.622s] Level 1:colcon.colcon_core.shell:create_environment_hook('create3_pkg', 'ament_prefix_path')
[1.647s] INFO:colcon.colcon_core.plugin_system:Skipping extension 'colcon_core.shell.bat': Not used on non-Windows systems
[1.649s] INFO:colcon.colcon_core.shell:Creating environment hook '/home/robot/create3_ws/install/create3_pkg/share/create3_pkg/hook/ament_prefix_path.ps1'
[1.655s] INFO:colcon.colcon_core.shell:Creating environment descriptor '/home/robot/create3_ws/install/create3_pkg/share/create3_pkg/hook/ament_prefix_path.dsv'
[1.660s] INFO:colcon.colcon_core.shell:Creating environment hook '/home/robot/create3_ws/install/create3_pkg/share/create3_pkg/hook/ament_prefix_path.sh'
[1.669s] INFO:colcon.colcon_core.shell:Skip shell extension 'powershell' for command environment: Not usable outside of PowerShell
[1.671s] DEBUG:colcon.colcon_core.shell:Skip shell extension 'dsv' for command environment
[2.985s] INFO:colcon.colcon_core.task.python.build:Building Python package in '/home/robot/create3_ws/src/create3_pkg'
[2.985s] INFO:colcon.colcon_core.shell:Skip shell extension 'powershell' for command environment: Not usable outside of PowerShell
[2.986s] DEBUG:colcon.colcon_core.shell:Skip shell extension 'dsv' for command environment
[6.489s] DEBUG:colcon.colcon_core.event_handler.log_command:Invoking command in '/home/robot/create3_ws/build/create3_pkg': PYTHONPATH=/home/robot/create3_ws/build/create3_pkg/prefix_override:/usr/lib/python3/dist-packages/colcon_core/task/python/colcon_distutils_commands:/home/robot/create3_ws/install/create3_pkg/lib/python3.12/site-packages:${PYTHONPATH} /usr/bin/python3 -W ignore:setup.py install is deprecated -W ignore:easy_install command is deprecated setup.py develop --editable --build-directory /home/robot/create3_ws/build/create3_pkg/build --no-deps symlink_data
[9.722s] Level 1:colcon.colcon_core.shell:create_environment_hook('create3_pkg', 'pythonpath_develop')
[9.723s] INFO:colcon.colcon_core.shell:Creating environment hook '/home/robot/create3_ws/build/create3_pkg/share/create3_pkg/hook/pythonpath_develop.ps1'
[9.724s] DEBUG:colcon.colcon_core.event_handler.log_command:Invoked command in '/home/robot/create3_ws/build/create3_pkg' returned '0': PYTHONPATH=/home/robot/create3_ws/build/create3_pkg/prefix_override:/usr/lib/python3/dist-packages/colcon_core/task/python/colcon_distutils_commands:/home/robot/create3_ws/install/create3_pkg/lib/python3.12/site-packages:${PYTHONPATH} /usr/bin/python3 -W ignore:setup.py install is deprecated -W ignore:easy_install command is deprecated setup.py develop --editable --build-directory /home/robot/create3_ws/build/create3_pkg/build --no-deps symlink_data
[9.726s] INFO:colcon.colcon_core.shell:Creating environment descriptor '/home/robot/create3_ws/build/create3_pkg/share/create3_pkg/hook/pythonpath_develop.dsv'
[9.728s] INFO:colcon.colcon_core.shell:Creating environment hook '/home/robot/create3_ws/build/create3_pkg/share/create3_pkg/hook/pythonpath_develop.sh'
[9.740s] Level 1:colcon.colcon_core.environment:checking '/home/robot/create3_ws/install/create3_pkg' for CMake module files
[9.743s] Level 1:colcon.colcon_core.environment:checking '/home/robot/create3_ws/install/create3_pkg' for CMake config files
[9.746s] Level 1:colcon.colcon_core.environment:checking '/home/robot/create3_ws/install/create3_pkg/lib'
[9.747s] Level 1:colcon.colcon_core.environment:checking '/home/robot/create3_ws/install/create3_pkg/bin'
[9.747s] Level 1:colcon.colcon_core.environment:checking '/home/robot/create3_ws/install/create3_pkg/lib/pkgconfig/create3_pkg.pc'
[9.748s] Level 1:colcon.colcon_core.environment:checking '/home/robot/create3_ws/install/create3_pkg/lib/python3.12/site-packages'
[9.748s] Level 1:colcon.colcon_core.shell:create_environment_hook('create3_pkg', 'pythonpath')
[9.749s] INFO:colcon.colcon_core.shell:Creating environment hook '/home/robot/create3_ws/install/create3_pkg/share/create3_pkg/hook/pythonpath.ps1'
[9.751s] INFO:colcon.colcon_core.shell:Creating environment descriptor '/home/robot/create3_ws/install/create3_pkg/share/create3_pkg/hook/pythonpath.dsv'
[9.753s] INFO:colcon.colcon_core.shell:Creating environment hook '/home/robot/create3_ws/install/create3_pkg/share/create3_pkg/hook/pythonpath.sh'
[9.756s] Level 1:colcon.colcon_core.environment:checking '/home/robot/create3_ws/install/create3_pkg/bin'
[9.756s] Level 1:colcon.colcon_core.environment:create_environment_scripts_only(create3_pkg)
[9.757s] INFO:colcon.colcon_core.shell:Creating package script '/home/robot/create3_ws/install/create3_pkg/share/create3_pkg/package.ps1'
[9.761s] INFO:colcon.colcon_core.shell:Creating package descriptor '/home/robot/create3_ws/install/create3_pkg/share/create3_pkg/package.dsv'
[9.764s] INFO:colcon.colcon_core.shell:Creating package script '/home/robot/create3_ws/install/create3_pkg/share/create3_pkg/package.sh'
[9.767s] INFO:colcon.colcon_core.shell:Creating package script '/home/robot/create3_ws/install/create3_pkg/share/create3_pkg/package.bash'
[9.770s] INFO:colcon.colcon_core.shell:Creating package script '/home/robot/create3_ws/install/create3_pkg/share/create3_pkg/package.zsh'
[9.773s] Level 1:colcon.colcon_core.environment:create_file_with_runtime_dependencies(/home/robot/create3_ws/install/create3_pkg/share/colcon-core/packages/create3_pkg)
[9.774s] DEBUG:colcon.colcon_parallel_executor.executor.parallel:closing loop
[9.776s] DEBUG:colcon.colcon_parallel_executor.executor.parallel:loop closed
[9.776s] DEBUG:colcon.colcon_parallel_executor.executor.parallel:run_until_complete finished with '0'
[9.776s] DEBUG:colcon.colcon_core.event_reactor:joining thread
[9.778s] DEBUG:colcon.colcon_core.event_reactor:joined thread
[9.778s] INFO:colcon.colcon_core.shell:Creating prefix script '/home/robot/create3_ws/install/local_setup.ps1'
[9.782s] INFO:colcon.colcon_core.shell:Creating prefix util module '/home/robot/create3_ws/install/_local_setup_util_ps1.py'
[9.787s] INFO:colcon.colcon_core.shell:Creating prefix chain script '/home/robot/create3_ws/install/setup.ps1'
[9.793s] INFO:colcon.colcon_core.shell:Creating prefix script '/home/robot/create3_ws/install/local_setup.sh'
[9.797s] INFO:colcon.colcon_core.shell:Creating prefix util module '/home/robot/create3_ws/install/_local_setup_util_sh.py'
[9.800s] INFO:colcon.colcon_core.shell:Creating prefix chain script '/home/robot/create3_ws/install/setup.sh'
[9.807s] INFO:colcon.colcon_core.shell:Creating prefix script '/home/robot/create3_ws/install/local_setup.bash'
[9.809s] INFO:colcon.colcon_core.shell:Creating prefix chain script '/home/robot/create3_ws/install/setup.bash'
[9.815s] INFO:colcon.colcon_core.shell:Creating prefix script '/home/robot/create3_ws/install/local_setup.zsh'
[9.817s] INFO:colcon.colcon_core.shell:Creating prefix chain script '/home/robot/create3_ws/install/setup.zsh'
