[0.467s] DEBUG:colcon:Command line arguments: ['/usr/bin/colcon', 'build']
[0.467s] DEBUG:colcon:Parsed command line arguments: Namespace(log_base=None, log_level=None, verb_name='build', build_base='build', install_base='install', merge_install=False, symlink_install=False, test_result_base=None, continue_on_error=False, executor='parallel', parallel_workers=4, event_handlers=None, ignore_user_meta=False, metas=['./colcon.meta'], base_paths=['.'], packages_ignore=None, packages_ignore_regex=None, paths=None, packages_up_to=None, packages_up_to_regex=None, packages_above=None, packages_above_and_dependencies=None, packages_above_depth=None, packages_select_by_dep=None, packages_skip_by_dep=None, packages_skip_up_to=None, packages_select_build_failed=False, packages_skip_build_finished=False, packages_select_test_failures=False, packages_skip_test_passed=False, packages_select=None, packages_skip=None, packages_select_regex=None, packages_skip_regex=None, packages_start=None, packages_end=None, allow_overriding=[], cmake_args=None, cmake_target=None, cmake_target_skip_unavailable=False, cmake_clean_cache=False, cmake_clean_first=False, cmake_force_configure=False, ament_cmake_args=None, catkin_cmake_args=None, catkin_skip_building_tests=False, mixin_files=None, mixin=None, verb_parser=<colcon_mixin.mixin.mixin_argument.MixinArgumentDecorator object at 0xffff7e75ef90>, verb_extension=<colcon_core.verb.build.BuildVerb object at 0xffff7e917770>, main=<bound method BuildVerb.main of <colcon_core.verb.build.BuildVerb object at 0xffff7e917770>>, mixin_verb=('build',))
[0.633s] Level 1:colcon.colcon_core.package_discovery:discover_packages(colcon_meta) check parameters
[0.634s] Level 1:colcon.colcon_core.package_discovery:discover_packages(recursive) check parameters
[0.634s] Level 1:colcon.colcon_core.package_discovery:discover_packages(ignore) check parameters
[0.634s] Level 1:colcon.colcon_core.package_discovery:discover_packages(path) check parameters
[0.634s] Level 1:colcon.colcon_core.package_discovery:discover_packages(colcon_meta) discover
[0.634s] Level 1:colcon.colcon_core.package_discovery:discover_packages(recursive) discover
[0.634s] INFO:colcon.colcon_core.package_discovery:Crawling recursively for packages in '/home/robot/create3_ws'
[0.635s] Level 1:colcon.colcon_core.package_identification:_identify(.) by extensions ['ignore', 'ignore_ament_install']
[0.635s] Level 1:colcon.colcon_core.package_identification:_identify(.) by extension 'ignore'
[0.635s] Level 1:colcon.colcon_core.package_identification:_identify(.) by extension 'ignore_ament_install'
[0.635s] Level 1:colcon.colcon_core.package_identification:_identify(.) by extensions ['colcon_pkg']
[0.635s] Level 1:colcon.colcon_core.package_identification:_identify(.) by extension 'colcon_pkg'
[0.636s] Level 1:colcon.colcon_core.package_identification:_identify(.) by extensions ['colcon_meta']
[0.636s] Level 1:colcon.colcon_core.package_identification:_identify(.) by extension 'colcon_meta'
[0.636s] Level 1:colcon.colcon_core.package_identification:_identify(.) by extensions ['ros']
[0.636s] Level 1:colcon.colcon_core.package_identification:_identify(.) by extension 'ros'
[0.740s] Level 1:colcon.colcon_core.package_identification:_identify(.) by extensions ['cmake', 'python']
[0.740s] Level 1:colcon.colcon_core.package_identification:_identify(.) by extension 'cmake'
[0.741s] Level 1:colcon.colcon_core.package_identification:_identify(.) by extension 'python'
[0.741s] Level 1:colcon.colcon_core.package_identification:_identify(.) by extensions ['python_setup_py']
[0.741s] Level 1:colcon.colcon_core.package_identification:_identify(.) by extension 'python_setup_py'
[0.741s] Level 1:colcon.colcon_core.package_identification:_identify(build) by extensions ['ignore', 'ignore_ament_install']
[0.742s] Level 1:colcon.colcon_core.package_identification:_identify(build) by extension 'ignore'
[0.742s] Level 1:colcon.colcon_core.package_identification:_identify(build) ignored
[0.742s] Level 1:colcon.colcon_core.package_identification:_identify(install) by extensions ['ignore', 'ignore_ament_install']
[0.743s] Level 1:colcon.colcon_core.package_identification:_identify(install) by extension 'ignore'
[0.743s] Level 1:colcon.colcon_core.package_identification:_identify(install) ignored
[0.744s] Level 1:colcon.colcon_core.package_identification:_identify(log) by extensions ['ignore', 'ignore_ament_install']
[0.744s] Level 1:colcon.colcon_core.package_identification:_identify(log) by extension 'ignore'
[0.744s] Level 1:colcon.colcon_core.package_identification:_identify(log) ignored
[0.744s] Level 1:colcon.colcon_core.package_identification:_identify(src) by extensions ['ignore', 'ignore_ament_install']
[0.745s] Level 1:colcon.colcon_core.package_identification:_identify(src) by extension 'ignore'
[0.745s] Level 1:colcon.colcon_core.package_identification:_identify(src) by extension 'ignore_ament_install'
[0.745s] Level 1:colcon.colcon_core.package_identification:_identify(src) by extensions ['colcon_pkg']
[0.745s] Level 1:colcon.colcon_core.package_identification:_identify(src) by extension 'colcon_pkg'
[0.745s] Level 1:colcon.colcon_core.package_identification:_identify(src) by extensions ['colcon_meta']
[0.745s] Level 1:colcon.colcon_core.package_identification:_identify(src) by extension 'colcon_meta'
[0.746s] Level 1:colcon.colcon_core.package_identification:_identify(src) by extensions ['ros']
[0.746s] Level 1:colcon.colcon_core.package_identification:_identify(src) by extension 'ros'
[0.746s] Level 1:colcon.colcon_core.package_identification:_identify(src) by extensions ['cmake', 'python']
[0.746s] Level 1:colcon.colcon_core.package_identification:_identify(src) by extension 'cmake'
[0.746s] Level 1:colcon.colcon_core.package_identification:_identify(src) by extension 'python'
[0.746s] Level 1:colcon.colcon_core.package_identification:_identify(src) by extensions ['python_setup_py']
[0.747s] Level 1:colcon.colcon_core.package_identification:_identify(src) by extension 'python_setup_py'
[0.747s] Level 1:colcon.colcon_core.package_identification:_identify(src/create3_pkg) by extensions ['ignore', 'ignore_ament_install']
[0.747s] Level 1:colcon.colcon_core.package_identification:_identify(src/create3_pkg) by extension 'ignore'
[0.747s] Level 1:colcon.colcon_core.package_identification:_identify(src/create3_pkg) by extension 'ignore_ament_install'
[0.748s] Level 1:colcon.colcon_core.package_identification:_identify(src/create3_pkg) by extensions ['colcon_pkg']
[0.748s] Level 1:colcon.colcon_core.package_identification:_identify(src/create3_pkg) by extension 'colcon_pkg'
[0.748s] Level 1:colcon.colcon_core.package_identification:_identify(src/create3_pkg) by extensions ['colcon_meta']
[0.748s] Level 1:colcon.colcon_core.package_identification:_identify(src/create3_pkg) by extension 'colcon_meta'
[0.748s] Level 1:colcon.colcon_core.package_identification:_identify(src/create3_pkg) by extensions ['ros']
[0.748s] Level 1:colcon.colcon_core.package_identification:_identify(src/create3_pkg) by extension 'ros'
[0.757s] DEBUG:colcon.colcon_core.package_identification:Package 'src/create3_pkg' with type 'ros.ament_python' and name 'create3_pkg'
[0.757s] Level 1:colcon.colcon_core.package_discovery:discover_packages(recursive) using defaults
[0.757s] Level 1:colcon.colcon_core.package_discovery:discover_packages(ignore) discover
[0.757s] Level 1:colcon.colcon_core.package_discovery:discover_packages(ignore) using defaults
[0.757s] Level 1:colcon.colcon_core.package_discovery:discover_packages(path) discover
[0.757s] Level 1:colcon.colcon_core.package_discovery:discover_packages(path) using defaults
[0.829s] Level 1:colcon.colcon_core.package_discovery:discover_packages(prefix_path) check parameters
[0.829s] Level 1:colcon.colcon_core.package_discovery:discover_packages(prefix_path) discover
[0.838s] DEBUG:colcon.colcon_installed_package_information.package_discovery:Found 1 installed packages in /home/robot/create3_ws/install
[0.841s] DEBUG:colcon.colcon_installed_package_information.package_discovery:Found 6 installed packages in /home/robot/create3_examples_ws/install
[0.843s] DEBUG:colcon.colcon_installed_package_information.package_discovery:Found 1 installed packages in /home/robot/ros2_ws/install
[0.853s] DEBUG:colcon.colcon_installed_package_information.package_discovery:Found 297 installed packages in /opt/ros/jazzy
[0.861s] Level 1:colcon.colcon_core.package_discovery:discover_packages(prefix_path) using defaults
[1.059s] Level 5:colcon.colcon_core.verb:set package 'create3_pkg' build argument 'cmake_args' from command line to 'None'
[1.059s] Level 5:colcon.colcon_core.verb:set package 'create3_pkg' build argument 'cmake_target' from command line to 'None'
[1.059s] Level 5:colcon.colcon_core.verb:set package 'create3_pkg' build argument 'cmake_target_skip_unavailable' from command line to 'False'
[1.059s] Level 5:colcon.colcon_core.verb:set package 'create3_pkg' build argument 'cmake_clean_cache' from command line to 'False'
[1.059s] Level 5:colcon.colcon_core.verb:set package 'create3_pkg' build argument 'cmake_clean_first' from command line to 'False'
[1.059s] Level 5:colcon.colcon_core.verb:set package 'create3_pkg' build argument 'cmake_force_configure' from command line to 'False'
[1.059s] Level 5:colcon.colcon_core.verb:set package 'create3_pkg' build argument 'ament_cmake_args' from command line to 'None'
[1.059s] Level 5:colcon.colcon_core.verb:set package 'create3_pkg' build argument 'catkin_cmake_args' from command line to 'None'
[1.059s] Level 5:colcon.colcon_core.verb:set package 'create3_pkg' build argument 'catkin_skip_building_tests' from command line to 'False'
[1.060s] DEBUG:colcon.colcon_core.verb:Building package 'create3_pkg' with the following arguments: {'ament_cmake_args': None, 'build_base': '/home/robot/create3_ws/build/create3_pkg', 'catkin_cmake_args': None, 'catkin_skip_building_tests': False, 'cmake_args': None, 'cmake_clean_cache': False, 'cmake_clean_first': False, 'cmake_force_configure': False, 'cmake_target': None, 'cmake_target_skip_unavailable': False, 'install_base': '/home/robot/create3_ws/install/create3_pkg', 'merge_install': False, 'path': '/home/robot/create3_ws/src/create3_pkg', 'symlink_install': False, 'test_result_base': None}
[1.060s] INFO:colcon.colcon_core.executor:Executing jobs using 'parallel' executor
[1.063s] DEBUG:colcon.colcon_parallel_executor.executor.parallel:run_until_complete
[1.064s] INFO:colcon.colcon_ros.task.ament_python.build:Building ROS package in '/home/robot/create3_ws/src/create3_pkg' with build type 'ament_python'
[1.065s] Level 1:colcon.colcon_core.shell:create_environment_hook('create3_pkg', 'ament_prefix_path')
[1.072s] INFO:colcon.colcon_core.plugin_system:Skipping extension 'colcon_core.shell.bat': Not used on non-Windows systems
[1.073s] INFO:colcon.colcon_core.shell:Creating environment hook '/home/robot/create3_ws/install/create3_pkg/share/create3_pkg/hook/ament_prefix_path.ps1'
[1.076s] INFO:colcon.colcon_core.shell:Creating environment descriptor '/home/robot/create3_ws/install/create3_pkg/share/create3_pkg/hook/ament_prefix_path.dsv'
[1.079s] INFO:colcon.colcon_core.shell:Creating environment hook '/home/robot/create3_ws/install/create3_pkg/share/create3_pkg/hook/ament_prefix_path.sh'
[1.096s] INFO:colcon.colcon_core.shell:Skip shell extension 'powershell' for command environment: Not usable outside of PowerShell
[1.096s] DEBUG:colcon.colcon_core.shell:Skip shell extension 'dsv' for command environment
[2.088s] INFO:colcon.colcon_core.task.python.build:Building Python package in '/home/robot/create3_ws/src/create3_pkg'
[2.089s] INFO:colcon.colcon_core.shell:Skip shell extension 'powershell' for command environment: Not usable outside of PowerShell
[2.089s] DEBUG:colcon.colcon_core.shell:Skip shell extension 'dsv' for command environment
[4.819s] DEBUG:colcon.colcon_core.event_handler.log_command:Invoking command in '/home/robot/create3_ws/src/create3_pkg': PYTHONPATH=/home/robot/create3_ws/build/create3_pkg/prefix_override:/usr/lib/python3/dist-packages/colcon_core/task/python/colcon_distutils_commands:/home/robot/create3_ws/install/create3_pkg/lib/python3.12/site-packages:${PYTHONPATH} /usr/bin/python3 -W ignore:setup.py install is deprecated -W ignore:easy_install command is deprecated setup.py egg_info --egg-base ../../build/create3_pkg build --build-base /home/robot/create3_ws/build/create3_pkg/build install --record /home/robot/create3_ws/build/create3_pkg/install.log --single-version-externally-managed install_data
[7.333s] DEBUG:colcon.colcon_core.event_handler.log_command:Invoked command in '/home/robot/create3_ws/src/create3_pkg' returned '0': PYTHONPATH=/home/robot/create3_ws/build/create3_pkg/prefix_override:/usr/lib/python3/dist-packages/colcon_core/task/python/colcon_distutils_commands:/home/robot/create3_ws/install/create3_pkg/lib/python3.12/site-packages:${PYTHONPATH} /usr/bin/python3 -W ignore:setup.py install is deprecated -W ignore:easy_install command is deprecated setup.py egg_info --egg-base ../../build/create3_pkg build --build-base /home/robot/create3_ws/build/create3_pkg/build install --record /home/robot/create3_ws/build/create3_pkg/install.log --single-version-externally-managed install_data
[7.344s] Level 1:colcon.colcon_core.environment:checking '/home/robot/create3_ws/install/create3_pkg' for CMake module files
[7.348s] Level 1:colcon.colcon_core.environment:checking '/home/robot/create3_ws/install/create3_pkg' for CMake config files
[7.352s] Level 1:colcon.colcon_core.environment:checking '/home/robot/create3_ws/install/create3_pkg/lib'
[7.353s] Level 1:colcon.colcon_core.environment:checking '/home/robot/create3_ws/install/create3_pkg/bin'
[7.353s] Level 1:colcon.colcon_core.environment:checking '/home/robot/create3_ws/install/create3_pkg/lib/pkgconfig/create3_pkg.pc'
[7.354s] Level 1:colcon.colcon_core.environment:checking '/home/robot/create3_ws/install/create3_pkg/lib/python3.12/site-packages'
[7.354s] Level 1:colcon.colcon_core.shell:create_environment_hook('create3_pkg', 'pythonpath')
[7.355s] INFO:colcon.colcon_core.shell:Creating environment hook '/home/robot/create3_ws/install/create3_pkg/share/create3_pkg/hook/pythonpath.ps1'
[7.357s] INFO:colcon.colcon_core.shell:Creating environment descriptor '/home/robot/create3_ws/install/create3_pkg/share/create3_pkg/hook/pythonpath.dsv'
[7.360s] INFO:colcon.colcon_core.shell:Creating environment hook '/home/robot/create3_ws/install/create3_pkg/share/create3_pkg/hook/pythonpath.sh'
[7.362s] Level 1:colcon.colcon_core.environment:checking '/home/robot/create3_ws/install/create3_pkg/bin'
[7.363s] Level 1:colcon.colcon_core.environment:create_environment_scripts_only(create3_pkg)
[7.364s] INFO:colcon.colcon_core.shell:Creating package script '/home/robot/create3_ws/install/create3_pkg/share/create3_pkg/package.ps1'
[7.379s] INFO:colcon.colcon_core.shell:Creating package descriptor '/home/robot/create3_ws/install/create3_pkg/share/create3_pkg/package.dsv'
[7.382s] INFO:colcon.colcon_core.shell:Creating package script '/home/robot/create3_ws/install/create3_pkg/share/create3_pkg/package.sh'
[7.390s] INFO:colcon.colcon_core.shell:Creating package script '/home/robot/create3_ws/install/create3_pkg/share/create3_pkg/package.bash'
[7.395s] INFO:colcon.colcon_core.shell:Creating package script '/home/robot/create3_ws/install/create3_pkg/share/create3_pkg/package.zsh'
[7.397s] Level 1:colcon.colcon_core.environment:create_file_with_runtime_dependencies(/home/robot/create3_ws/install/create3_pkg/share/colcon-core/packages/create3_pkg)
[7.399s] DEBUG:colcon.colcon_parallel_executor.executor.parallel:closing loop
[7.400s] DEBUG:colcon.colcon_parallel_executor.executor.parallel:loop closed
[7.401s] DEBUG:colcon.colcon_parallel_executor.executor.parallel:run_until_complete finished with '0'
[7.401s] DEBUG:colcon.colcon_core.event_reactor:joining thread
[7.402s] DEBUG:colcon.colcon_core.event_reactor:joined thread
[7.403s] INFO:colcon.colcon_core.shell:Creating prefix script '/home/robot/create3_ws/install/local_setup.ps1'
[7.422s] INFO:colcon.colcon_core.shell:Creating prefix util module '/home/robot/create3_ws/install/_local_setup_util_ps1.py'
[7.432s] INFO:colcon.colcon_core.shell:Creating prefix chain script '/home/robot/create3_ws/install/setup.ps1'
[7.440s] INFO:colcon.colcon_core.shell:Creating prefix script '/home/robot/create3_ws/install/local_setup.sh'
[7.444s] INFO:colcon.colcon_core.shell:Creating prefix util module '/home/robot/create3_ws/install/_local_setup_util_sh.py'
[7.447s] INFO:colcon.colcon_core.shell:Creating prefix chain script '/home/robot/create3_ws/install/setup.sh'
[7.453s] INFO:colcon.colcon_core.shell:Creating prefix script '/home/robot/create3_ws/install/local_setup.bash'
[7.470s] INFO:colcon.colcon_core.shell:Creating prefix chain script '/home/robot/create3_ws/install/setup.bash'
[7.482s] INFO:colcon.colcon_core.shell:Creating prefix script '/home/robot/create3_ws/install/local_setup.zsh'
[7.484s] INFO:colcon.colcon_core.shell:Creating prefix chain script '/home/robot/create3_ws/install/setup.zsh'
