[3.732s] Invoking command in '/home/robot/create3_ws/src/create3_pkg': PYTHONPATH=/home/robot/create3_ws/build/create3_pkg/prefix_override:/usr/lib/python3/dist-packages/colcon_core/task/python/colcon_distutils_commands:/home/robot/create3_ws/install/create3_pkg/lib/python3.12/site-packages:${PYTHONPATH} /usr/bin/python3 -W ignore:setup.py install is deprecated -W ignore:easy_install command is deprecated setup.py egg_info --egg-base ../../build/create3_pkg build --build-base /home/robot/create3_ws/build/create3_pkg/build install --record /home/robot/create3_ws/build/create3_pkg/install.log --single-version-externally-managed install_data
[4.929s] running egg_info
[5.017s] writing ../../build/create3_pkg/create3_pkg.egg-info/PKG-INFO
[5.018s] writing dependency_links to ../../build/create3_pkg/create3_pkg.egg-info/dependency_links.txt
[5.020s] writing entry points to ../../build/create3_pkg/create3_pkg.egg-info/entry_points.txt
[5.021s] writing requirements to ../../build/create3_pkg/create3_pkg.egg-info/requires.txt
[5.022s] writing top-level names to ../../build/create3_pkg/create3_pkg.egg-info/top_level.txt
[5.201s] reading manifest file '../../build/create3_pkg/create3_pkg.egg-info/SOURCES.txt'
[5.205s] writing manifest file '../../build/create3_pkg/create3_pkg.egg-info/SOURCES.txt'
[5.206s] running build
[5.206s] running build_py
[5.207s] copying create3_pkg/twist_cmd_vel2.py -> /home/robot/create3_ws/build/create3_pkg/build/lib/create3_pkg
[5.210s] running install
[5.234s] running install_lib
[5.323s] copying /home/robot/create3_ws/build/create3_pkg/build/lib/create3_pkg/twist_cmd_vel2.py -> /home/robot/create3_ws/install/create3_pkg/lib/python3.12/site-packages/create3_pkg
[5.327s] byte-compiling /home/robot/create3_ws/install/create3_pkg/lib/python3.12/site-packages/create3_pkg/twist_cmd_vel2.py to twist_cmd_vel2.cpython-312.pyc
[5.331s] running install_data
[5.331s] running install_egg_info
[5.425s] removing '/home/robot/create3_ws/install/create3_pkg/lib/python3.12/site-packages/create3_pkg-0.0.0-py3.12.egg-info' (and everything under it)
[5.427s] Copying ../../build/create3_pkg/create3_pkg.egg-info to /home/robot/create3_ws/install/create3_pkg/lib/python3.12/site-packages/create3_pkg-0.0.0-py3.12.egg-info
[5.432s] running install_scripts
[6.092s] Installing twist_cmd_vel2 script to /home/robot/create3_ws/install/create3_pkg/lib/create3_pkg
[6.094s] writing list of installed files to '/home/robot/create3_ws/build/create3_pkg/install.log'
[6.237s] Invoked command in '/home/robot/create3_ws/src/create3_pkg' returned '0': PYTHONPATH=/home/robot/create3_ws/build/create3_pkg/prefix_override:/usr/lib/python3/dist-packages/colcon_core/task/python/colcon_distutils_commands:/home/robot/create3_ws/install/create3_pkg/lib/python3.12/site-packages:${PYTHONPATH} /usr/bin/python3 -W ignore:setup.py install is deprecated -W ignore:easy_install command is deprecated setup.py egg_info --egg-base ../../build/create3_pkg build --build-base /home/robot/create3_ws/build/create3_pkg/build install --record /home/robot/create3_ws/build/create3_pkg/install.log --single-version-externally-managed install_data
